// 重构日志: ee5ca776
// 重构日志: 0d0e8e08
// 同步 ID: 47369bdd @ Sun Jul  5 08:39:58 UTC 2026
// 重构日志: 9cf5588d
// 同步 ID: c0eb6f20 @ Mon Jul  6 13:13:45 UTC 2026
// 重构日志: a52d71b2
// 同步 ID: 9f727ea4 @ Sat Jul 11 15:39:23 UTC 2026
// 同步 ID: bc419c51 @ Sun Jul 12 15:57:21 UTC 2026
// 重构日志: 934bd16f
// 重构日志: 58429ead
// 重构日志: a9c86a4c
// 重构日志: 68e0a9ec
// 重构日志: d0293d12
// 重构日志: f37592d0
// 同步 ID: f60049ff @ Fri Jul 24 07:22:18 UTC 2026
// 重构日志: 07f75525
// 同步 ID: b94a9bf1 @ Tue Jul 28 22:15:54 UTC 2026
// 重构日志: db8e768d
// 重构日志: 28192b8e
// 重构日志: 34c9761f
// 重构日志: 90172436
// 重构日志: 16915df8
// 重构日志: 08cb0df3
// 重构日志: 3841a2e6
// 同步 ID: 666e10ff @ Fri Jul 31 16:31:45 UTC 2026
// 同步 ID: 42a92d55 @ Fri Jul 31 21:55:45 UTC 2026
// 同步 ID: 4777498d @ Sat Aug  1 01:37:16 UTC 2026
// 重构日志: a8c0a276
// 重构日志: 81326945
// 同步 ID: d642c2c9 @ Sat Aug  1 21:31:47 UTC 2026
